> Task :clean
> Task :compileJava
> Task :processResources
> Task :classes
> Task :resolveMainClassName
> Task :bootJar
> Task :jar
> Task :assemble
> Task :check
> Task :build

BUILD SUCCESSFUL in 4s
6 actionable tasks: 6 executed
> Task :compileJava UP-TO-DATE
> Task :processResources UP-TO-DATE
> Task :classes UP-TO-DATE
> Task :resolveMainClassName UP-TO-DATE

> Task :bootRun

  .   ____          _            __ _ _
 /\\ / ___'_ __ _ _(_)_ __  __ _ \ \ \ \
( ( )\___ | '_ | '_| | '_ \/ _` | \ \ \ \
 \\/  ___)| |_)| | | | | || (_| |  ) ) ) )
  '  |____| .__|_| |_|_| |_\__, | / / / /
 =========|_|==============|___/=/_/_/_/

 :: Spring Boot ::       (v3.5.9-SNAPSHOT)

2025-11-28T22:09:21.010+07:00  INFO 66196 --- [api-gateway] [           main] r.com.apigateway.ApiGatewayApplication   : Starting ApiGatewayApplication using Java 21.0.9 with PID 66196 (/home/nomm/Desktop/The-Fashion-App-Microserive/infrastructure/api-gateway/build/classes/java/main started by nomm in /home/nomm/Desktop/The-Fashion-App-Microserive/infrastructure/api-gateway)
2025-11-28T22:09:21.011+07:00  INFO 66196 --- [api-gateway] [           main] r.com.apigateway.ApiGatewayApplication   : No active profile set, falling back to 1 default profile: "default"
2025-11-28T22:09:21.407+07:00  INFO 66196 --- [api-gateway] [           main] o.s.cloud.context.scope.GenericScope     : BeanFactory id=f2573379-ce68-3eba-9f34-b0ed04f5e827
2025-11-28T22:09:21.876+07:00  INFO 66196 --- [api-gateway] [           main] o.s.c.g.r.RouteDefinitionRouteLocator    : Loaded RoutePredicateFactory [After]
2025-11-28T22:09:21.876+07:00  INFO 66196 --- [api-gateway] [           main] o.s.c.g.r.RouteDefinitionRouteLocator    : Loaded RoutePredicateFactory [Before]
2025-11-28T22:09:21.876+07:00  INFO 66196 --- [api-gateway] [           main] o.s.c.g.r.RouteDefinitionRouteLocator    : Loaded RoutePredicateFactory [Between]
2025-11-28T22:09:21.876+07:00  INFO 66196 --- [api-gateway] [           main] o.s.c.g.r.RouteDefinitionRouteLocator    : Loaded RoutePredicateFactory [Cookie]
2025-11-28T22:09:21.876+07:00  INFO 66196 --- [api-gateway] [           main] o.s.c.g.r.RouteDefinitionRouteLocator    : Loaded RoutePredicateFactory [Header]
2025-11-28T22:09:21.876+07:00  INFO 66196 --- [api-gateway] [           main] o.s.c.g.r.RouteDefinitionRouteLocator    : Loaded RoutePredicateFactory [Host]
2025-11-28T22:09:21.876+07:00  INFO 66196 --- [api-gateway] [           main] o.s.c.g.r.RouteDefinitionRouteLocator    : Loaded RoutePredicateFactory [Method]
2025-11-28T22:09:21.876+07:00  INFO 66196 --- [api-gateway] [           main] o.s.c.g.r.RouteDefinitionRouteLocator    : Loaded RoutePredicateFactory [Path]
2025-11-28T22:09:21.876+07:00  INFO 66196 --- [api-gateway] [           main] o.s.c.g.r.RouteDefinitionRouteLocator    : Loaded RoutePredicateFactory [Query]
2025-11-28T22:09:21.876+07:00  INFO 66196 --- [api-gateway] [           main] o.s.c.g.r.RouteDefinitionRouteLocator    : Loaded RoutePredicateFactory [ReadBody]
2025-11-28T22:09:21.876+07:00  INFO 66196 --- [api-gateway] [           main] o.s.c.g.r.RouteDefinitionRouteLocator    : Loaded RoutePredicateFactory [RemoteAddr]
2025-11-28T22:09:21.876+07:00  INFO 66196 --- [api-gateway] [           main] o.s.c.g.r.RouteDefinitionRouteLocator    : Loaded RoutePredicateFactory [XForwardedRemoteAddr]
2025-11-28T22:09:21.876+07:00  INFO 66196 --- [api-gateway] [           main] o.s.c.g.r.RouteDefinitionRouteLocator    : Loaded RoutePredicateFactory [Weight]
2025-11-28T22:09:21.876+07:00  INFO 66196 --- [api-gateway] [           main] o.s.c.g.r.RouteDefinitionRouteLocator    : Loaded RoutePredicateFactory [CloudFoundryRouteService]
2025-11-28T22:09:22.028+07:00  INFO 66196 --- [api-gateway] [           main] DiscoveryClientOptionalArgsConfiguration : Eureka HTTP Client uses RestTemplate.
2025-11-28T22:09:22.067+07:00  WARN 66196 --- [api-gateway] [           main] iguration$LoadBalancerCaffeineWarnLogger : Spring Cloud LoadBalancer is currently working with the default cache. While this cache implementation is useful for development and tests, it's recommended to use Caffeine cache in production.You can switch to using Caffeine cache, by adding it and org.springframework.cache.caffeine.CaffeineCacheManager to the classpath.
2025-11-28T22:09:22.088+07:00  INFO 66196 --- [api-gateway] [           main] o.s.c.n.eureka.InstanceInfoFactory       : Setting initial instance status as: STARTING
2025-11-28T22:09:22.102+07:00  INFO 66196 --- [api-gateway] [           main] com.netflix.discovery.DiscoveryClient    : Initializing Eureka in region us-east-1
2025-11-28T22:09:22.104+07:00  INFO 66196 --- [api-gateway] [           main] c.n.d.s.r.aws.ConfigClusterResolver      : Resolving eureka endpoints via configuration
2025-11-28T22:09:22.109+07:00  INFO 66196 --- [api-gateway] [           main] com.netflix.discovery.DiscoveryClient    : Disable delta property : false
2025-11-28T22:09:22.109+07:00  INFO 66196 --- [api-gateway] [           main] com.netflix.discovery.DiscoveryClient    : Single vip registry refresh property : null
2025-11-28T22:09:22.109+07:00  INFO 66196 --- [api-gateway] [           main] com.netflix.discovery.DiscoveryClient    : Force full registry fetch : false
2025-11-28T22:09:22.109+07:00  INFO 66196 --- [api-gateway] [           main] com.netflix.discovery.DiscoveryClient    : Application is null : false
2025-11-28T22:09:22.109+07:00  INFO 66196 --- [api-gateway] [           main] com.netflix.discovery.DiscoveryClient    : Registered Applications size is zero : true
2025-11-28T22:09:22.109+07:00  INFO 66196 --- [api-gateway] [           main] com.netflix.discovery.DiscoveryClient    : Application version is -1: true
2025-11-28T22:09:22.109+07:00  INFO 66196 --- [api-gateway] [           main] com.netflix.discovery.DiscoveryClient    : Getting all instance registry info from the eureka server
2025-11-28T22:09:22.375+07:00  INFO 66196 --- [api-gateway] [           main] com.netflix.discovery.DiscoveryClient    : The response status is 200
2025-11-28T22:09:22.376+07:00  INFO 66196 --- [api-gateway] [           main] com.netflix.discovery.DiscoveryClient    : Starting heartbeat executor: renew interval is: 30
2025-11-28T22:09:22.377+07:00  INFO 66196 --- [api-gateway] [           main] c.n.discovery.InstanceInfoReplicator     : InstanceInfoReplicator onDemand update allowed rate per min is 4
2025-11-28T22:09:22.378+07:00  INFO 66196 --- [api-gateway] [           main] com.netflix.discovery.DiscoveryClient    : Discovery Client initialized at timestamp 1764342562377 with initial instances count: 0
2025-11-28T22:09:22.380+07:00  INFO 66196 --- [api-gateway] [           main] o.s.c.n.e.s.EurekaServiceRegistry        : Registering application API-GATEWAY with eureka with status UP
2025-11-28T22:09:22.380+07:00  INFO 66196 --- [api-gateway] [           main] com.netflix.discovery.DiscoveryClient    : Saw local status change event StatusChangeEvent [timestamp=1764342562380, current=UP, previous=STARTING]
2025-11-28T22:09:22.381+07:00  INFO 66196 --- [api-gateway] [foReplicator-%d] com.netflix.discovery.DiscoveryClient    : DiscoveryClient_API-GATEWAY/fedora:api-gateway:9092: registering service...
2025-11-28T22:09:22.463+07:00  INFO 66196 --- [api-gateway] [foReplicator-%d] com.netflix.discovery.DiscoveryClient    : DiscoveryClient_API-GATEWAY/fedora:api-gateway:9092 - registration status: 204
2025-11-28T22:09:22.468+07:00  INFO 66196 --- [api-gateway] [           main] o.s.b.web.embedded.netty.NettyWebServer  : Netty started on port 9092 (http)
2025-11-28T22:09:22.469+07:00  INFO 66196 --- [api-gateway] [           main] .s.c.n.e.s.EurekaAutoServiceRegistration : Updating port to 9092
2025-11-28T22:09:22.480+07:00  INFO 66196 --- [api-gateway] [           main] r.com.apigateway.ApiGatewayApplication   : Started ApiGatewayApplication in 1.704 seconds (process running for 1.953)
2025-11-28T22:09:52.376+07:00  INFO 66196 --- [api-gateway] [reshExecutor-%d] com.netflix.discovery.DiscoveryClient    : Disable delta property : false
2025-11-28T22:09:52.376+07:00  INFO 66196 --- [api-gateway] [reshExecutor-%d] com.netflix.discovery.DiscoveryClient    : Single vip registry refresh property : null
2025-11-28T22:09:52.376+07:00  INFO 66196 --- [api-gateway] [reshExecutor-%d] com.netflix.discovery.DiscoveryClient    : Force full registry fetch : false
2025-11-28T22:09:52.376+07:00  INFO 66196 --- [api-gateway] [reshExecutor-%d] com.netflix.discovery.DiscoveryClient    : Application is null : false
2025-11-28T22:09:52.376+07:00  INFO 66196 --- [api-gateway] [reshExecutor-%d] com.netflix.discovery.DiscoveryClient    : Registered Applications size is zero : true
2025-11-28T22:09:52.376+07:00  INFO 66196 --- [api-gateway] [reshExecutor-%d] com.netflix.discovery.DiscoveryClient    : Application version is -1: false
2025-11-28T22:09:52.376+07:00  INFO 66196 --- [api-gateway] [reshExecutor-%d] com.netflix.discovery.DiscoveryClient    : Getting all instance registry info from the eureka server
2025-11-28T22:09:52.388+07:00  INFO 66196 --- [api-gateway] [reshExecutor-%d] com.netflix.discovery.DiscoveryClient    : The response status is 200
2025-11-28T22:14:22.110+07:00  INFO 66196 --- [api-gateway] [rap-executor-%d] c.n.d.s.r.aws.ConfigClusterResolver      : Resolving eureka endpoints via configuration
> Task :clean
> Task :compileJava
> Task :processResources
> Task :classes
> Task :resolveMainClassName
> Task :bootJar
> Task :jar
> Task :assemble
> Task :check
> Task :build

BUILD SUCCESSFUL in 1s
6 actionable tasks: 6 executed
> Task :compileJava UP-TO-DATE
> Task :processResources UP-TO-DATE
> Task :classes UP-TO-DATE
> Task :resolveMainClassName UP-TO-DATE

> Task :bootRun

  .   ____          _            __ _ _
 /\\ / ___'_ __ _ _(_)_ __  __ _ \ \ \ \
( ( )\___ | '_ | '_| | '_ \/ _` | \ \ \ \
 \\/  ___)| |_)| | | | | || (_| |  ) ) ) )
  '  |____| .__|_| |_|_| |_\__, | / / / /
 =========|_|==============|___/=/_/_/_/

 :: Spring Boot ::       (v3.5.9-SNAPSHOT)

2025-11-28T22:16:02.355+07:00  INFO 77817 --- [api-gateway] [           main] r.com.apigateway.ApiGatewayApplication   : Starting ApiGatewayApplication using Java 21.0.9 with PID 77817 (/home/nomm/Desktop/The-Fashion-App-Microserive/infrastructure/api-gateway/build/classes/java/main started by nomm in /home/nomm/Desktop/The-Fashion-App-Microserive/infrastructure/api-gateway)
2025-11-28T22:16:02.356+07:00  INFO 77817 --- [api-gateway] [           main] r.com.apigateway.ApiGatewayApplication   : No active profile set, falling back to 1 default profile: "default"
2025-11-28T22:16:02.745+07:00  INFO 77817 --- [api-gateway] [           main] o.s.cloud.context.scope.GenericScope     : BeanFactory id=f2573379-ce68-3eba-9f34-b0ed04f5e827
2025-11-28T22:16:03.206+07:00  INFO 77817 --- [api-gateway] [           main] o.s.c.g.r.RouteDefinitionRouteLocator    : Loaded RoutePredicateFactory [After]
2025-11-28T22:16:03.206+07:00  INFO 77817 --- [api-gateway] [           main] o.s.c.g.r.RouteDefinitionRouteLocator    : Loaded RoutePredicateFactory [Before]
2025-11-28T22:16:03.207+07:00  INFO 77817 --- [api-gateway] [           main] o.s.c.g.r.RouteDefinitionRouteLocator    : Loaded RoutePredicateFactory [Between]
2025-11-28T22:16:03.207+07:00  INFO 77817 --- [api-gateway] [           main] o.s.c.g.r.RouteDefinitionRouteLocator    : Loaded RoutePredicateFactory [Cookie]
2025-11-28T22:16:03.207+07:00  INFO 77817 --- [api-gateway] [           main] o.s.c.g.r.RouteDefinitionRouteLocator    : Loaded RoutePredicateFactory [Header]
2025-11-28T22:16:03.207+07:00  INFO 77817 --- [api-gateway] [           main] o.s.c.g.r.RouteDefinitionRouteLocator    : Loaded RoutePredicateFactory [Host]
2025-11-28T22:16:03.207+07:00  INFO 77817 --- [api-gateway] [           main] o.s.c.g.r.RouteDefinitionRouteLocator    : Loaded RoutePredicateFactory [Method]
2025-11-28T22:16:03.207+07:00  INFO 77817 --- [api-gateway] [           main] o.s.c.g.r.RouteDefinitionRouteLocator    : Loaded RoutePredicateFactory [Path]
2025-11-28T22:16:03.207+07:00  INFO 77817 --- [api-gateway] [           main] o.s.c.g.r.RouteDefinitionRouteLocator    : Loaded RoutePredicateFactory [Query]
2025-11-28T22:16:03.207+07:00  INFO 77817 --- [api-gateway] [           main] o.s.c.g.r.RouteDefinitionRouteLocator    : Loaded RoutePredicateFactory [ReadBody]
2025-11-28T22:16:03.207+07:00  INFO 77817 --- [api-gateway] [           main] o.s.c.g.r.RouteDefinitionRouteLocator    : Loaded RoutePredicateFactory [RemoteAddr]
2025-11-28T22:16:03.207+07:00  INFO 77817 --- [api-gateway] [           main] o.s.c.g.r.RouteDefinitionRouteLocator    : Loaded RoutePredicateFactory [XForwardedRemoteAddr]
2025-11-28T22:16:03.207+07:00  INFO 77817 --- [api-gateway] [           main] o.s.c.g.r.RouteDefinitionRouteLocator    : Loaded RoutePredicateFactory [Weight]
2025-11-28T22:16:03.207+07:00  INFO 77817 --- [api-gateway] [           main] o.s.c.g.r.RouteDefinitionRouteLocator    : Loaded RoutePredicateFactory [CloudFoundryRouteService]
2025-11-28T22:16:03.345+07:00  INFO 77817 --- [api-gateway] [           main] DiscoveryClientOptionalArgsConfiguration : Eureka HTTP Client uses RestTemplate.
2025-11-28T22:16:03.370+07:00  WARN 77817 --- [api-gateway] [           main] iguration$LoadBalancerCaffeineWarnLogger : Spring Cloud LoadBalancer is currently working with the default cache. While this cache implementation is useful for development and tests, it's recommended to use Caffeine cache in production.You can switch to using Caffeine cache, by adding it and org.springframework.cache.caffeine.CaffeineCacheManager to the classpath.
2025-11-28T22:16:03.386+07:00  INFO 77817 --- [api-gateway] [           main] o.s.c.n.eureka.InstanceInfoFactory       : Setting initial instance status as: STARTING
2025-11-28T22:16:03.398+07:00  INFO 77817 --- [api-gateway] [           main] com.netflix.discovery.DiscoveryClient    : Initializing Eureka in region us-east-1
2025-11-28T22:16:03.400+07:00  INFO 77817 --- [api-gateway] [           main] c.n.d.s.r.aws.ConfigClusterResolver      : Resolving eureka endpoints via configuration
2025-11-28T22:16:03.404+07:00  INFO 77817 --- [api-gateway] [           main] com.netflix.discovery.DiscoveryClient    : Disable delta property : false
2025-11-28T22:16:03.404+07:00  INFO 77817 --- [api-gateway] [           main] com.netflix.discovery.DiscoveryClient    : Single vip registry refresh property : null
2025-11-28T22:16:03.404+07:00  INFO 77817 --- [api-gateway] [           main] com.netflix.discovery.DiscoveryClient    : Force full registry fetch : false
2025-11-28T22:16:03.404+07:00  INFO 77817 --- [api-gateway] [           main] com.netflix.discovery.DiscoveryClient    : Application is null : false
2025-11-28T22:16:03.404+07:00  INFO 77817 --- [api-gateway] [           main] com.netflix.discovery.DiscoveryClient    : Registered Applications size is zero : true
2025-11-28T22:16:03.404+07:00  INFO 77817 --- [api-gateway] [           main] com.netflix.discovery.DiscoveryClient    : Application version is -1: true
2025-11-28T22:16:03.404+07:00  INFO 77817 --- [api-gateway] [           main] com.netflix.discovery.DiscoveryClient    : Getting all instance registry info from the eureka server
2025-11-28T22:16:03.667+07:00  INFO 77817 --- [api-gateway] [           main] com.netflix.discovery.DiscoveryClient    : The response status is 200
2025-11-28T22:16:03.667+07:00  INFO 77817 --- [api-gateway] [           main] com.netflix.discovery.DiscoveryClient    : Starting heartbeat executor: renew interval is: 30
2025-11-28T22:16:03.668+07:00  INFO 77817 --- [api-gateway] [           main] c.n.discovery.InstanceInfoReplicator     : InstanceInfoReplicator onDemand update allowed rate per min is 4
2025-11-28T22:16:03.669+07:00  INFO 77817 --- [api-gateway] [           main] com.netflix.discovery.DiscoveryClient    : Discovery Client initialized at timestamp 1764342963669 with initial instances count: 0
2025-11-28T22:16:03.671+07:00  INFO 77817 --- [api-gateway] [           main] o.s.c.n.e.s.EurekaServiceRegistry        : Registering application API-GATEWAY with eureka with status UP
2025-11-28T22:16:03.672+07:00  INFO 77817 --- [api-gateway] [           main] com.netflix.discovery.DiscoveryClient    : Saw local status change event StatusChangeEvent [timestamp=1764342963672, current=UP, previous=STARTING]
2025-11-28T22:16:03.673+07:00  INFO 77817 --- [api-gateway] [foReplicator-%d] com.netflix.discovery.DiscoveryClient    : DiscoveryClient_API-GATEWAY/fedora:api-gateway:9092: registering service...
2025-11-28T22:16:03.744+07:00  INFO 77817 --- [api-gateway] [foReplicator-%d] com.netflix.discovery.DiscoveryClient    : DiscoveryClient_API-GATEWAY/fedora:api-gateway:9092 - registration status: 204
2025-11-28T22:16:03.747+07:00  INFO 77817 --- [api-gateway] [           main] o.s.b.web.embedded.netty.NettyWebServer  : Netty started on port 9092 (http)
2025-11-28T22:16:03.748+07:00  INFO 77817 --- [api-gateway] [           main] .s.c.n.e.s.EurekaAutoServiceRegistration : Updating port to 9092
2025-11-28T22:16:03.758+07:00  INFO 77817 --- [api-gateway] [           main] r.com.apigateway.ApiGatewayApplication   : Started ApiGatewayApplication in 1.642 seconds (process running for 1.921)
2025-11-28T22:16:33.668+07:00  INFO 77817 --- [api-gateway] [reshExecutor-%d] com.netflix.discovery.DiscoveryClient    : Disable delta property : false
2025-11-28T22:16:33.668+07:00  INFO 77817 --- [api-gateway] [reshExecutor-%d] com.netflix.discovery.DiscoveryClient    : Single vip registry refresh property : null
2025-11-28T22:16:33.668+07:00  INFO 77817 --- [api-gateway] [reshExecutor-%d] com.netflix.discovery.DiscoveryClient    : Force full registry fetch : false
2025-11-28T22:16:33.668+07:00  INFO 77817 --- [api-gateway] [reshExecutor-%d] com.netflix.discovery.DiscoveryClient    : Application is null : false
2025-11-28T22:16:33.668+07:00  INFO 77817 --- [api-gateway] [reshExecutor-%d] com.netflix.discovery.DiscoveryClient    : Registered Applications size is zero : true
2025-11-28T22:16:33.668+07:00  INFO 77817 --- [api-gateway] [reshExecutor-%d] com.netflix.discovery.DiscoveryClient    : Application version is -1: false
2025-11-28T22:16:33.668+07:00  INFO 77817 --- [api-gateway] [reshExecutor-%d] com.netflix.discovery.DiscoveryClient    : Getting all instance registry info from the eureka server
2025-11-28T22:16:33.683+07:00  INFO 77817 --- [api-gateway] [reshExecutor-%d] com.netflix.discovery.DiscoveryClient    : The response status is 200
2025-11-28T22:21:03.405+07:00  INFO 77817 --- [api-gateway] [rap-executor-%d] c.n.d.s.r.aws.ConfigClusterResolver      : Resolving eureka endpoints via configuration
